#
# A fatal error has been detected by the Java Runtime Environment:
#
#  Internal Error (os_windows_x86.cpp:143), pid=23116, tid=4496
#  guarantee(result == EXCEPTION_CONTINUE_EXECUTION) failed: Unexpected result from topLevelExceptionFilter
#
# JRE version: Java(TM) SE Runtime Environment (17.0.11+7) (build 17.0.11+7-LTS-207)
# Java VM: Java HotSpot(TM) 64-Bit Server VM (17.0.11+7-LTS-207, mixed mode, sharing, tiered, compressed oops, compressed class ptrs, g1 gc, windows-amd64)
# No core dump will be written. Minidumps are not enabled by default on client versions of Windows
#
# If you would like to submit a bug report, please visit:
#   https://bugreport.java.com/bugreport/crash.jsp
# The crash happened outside the Java Virtual Machine in native code.
# See problematic frame for where to report the bug.
#

---------------  S U M M A R Y ------------

Command Line: -javaagent:C:\Program Files\JetBrains\IntelliJ IDEA Community Edition 2024.1\lib\idea_rt.jar=63827:C:\Program Files\JetBrains\IntelliJ IDEA Community Edition 2024.1\bin -Dfile.encoding=UTF-8 --module-path=C:\Users\LENOVO\.m2\repository\org\openjfx\javafx-graphics\21.0.2\javafx-graphics-21.0.2-win.jar;C:\Users\LENOVO\.m2\repository\at\favre\lib\bcrypt\0.10.2\bcrypt-0.10.2.jar;C:\Users\LENOVO\.m2\repository\org\openjfx\javafx-fxml\21.0.2\javafx-fxml-21.0.2-win.jar;C:\Users\LENOVO\.m2\repository\org\openjfx\javafx-base\21.0.2\javafx-base-21.0.2-win.jar;C:\Users\LENOVO\Desktop\eyetwin-java\target\classes;C:\Users\LENOVO\.m2\repository\org\openjfx\javafx-controls\21.0.2\javafx-controls-21.0.2-win.jar;C:\Users\LENOVO\.m2\repository\org\mindrot\jbcrypt\0.4\jbcrypt-0.4.jar;C:\Users\LENOVO\.m2\repository\org\openjfx\javafx-media\21.0.2\javafx-media-21.0.2-win.jar;C:\Users\LENOVO\.m2\repository\org\openpnp\opencv\4.7.0-0\opencv-4.7.0-0.jar;C:\Users\LENOVO\.m2\repository\org\openjfx\javafx-web\21.0.2\javafx-web-21.0.2-win.jar -Djdk.module.main=org.example.eyetwinjava org.example.eyetwinjava/com.eyetwin.MainApp

Host: 11th Gen Intel(R) Core(TM) i5-1135G7 @ 2.40GHz, 8 cores, 7G,  Windows 11 , 64 bit Build 26100 (10.0.26100.7623)
Time: Sun Apr  5 00:17:29 2026 Afr. centrale Ouest elapsed time: 38.961261 seconds (0d 0h 0m 38s)

---------------  T H R E A D  ---------------

Current thread (0x000001c88e258370):  JavaThread "JavaFX Application Thread" [_thread_in_native, id=4496, stack(0x0000008bb1700000,0x0000008bb1800000)]

Stack: [0x0000008bb1700000,0x0000008bb1800000]
Native frames: (J=compiled Java code, j=interpreted, Vv=VM code, C=native code)
V  [jvm.dll+0x679cca]
V  [jvm.dll+0x7da13d]
V  [jvm.dll+0x7dba83]
V  [jvm.dll+0x7dc0a7]
V  [jvm.dll+0x24490a]
V  [jvm.dll+0x67983c]
C  [ntdll.dll+0x1662ff]
C  [ntdll.dll+0x12327]
C  [ntdll.dll+0x165c3e]
C  0x00007fff6c470172

Java frames: (J=compiled Java code, j=interpreted, Vv=VM code)
j  org.opencv.videoio.VideoCapture.release_0(J)V+0 opencv@4.7.0-0
j  org.opencv.videoio.VideoCapture.release()V+4 opencv@4.7.0-0
j  com.eyetwin.controller.admin.FaceVerifyController.stopCamera()V+49 org.example.eyetwinjava@1.0-SNAPSHOT
j  com.eyetwin.controller.admin.FaceVerifyController$4.lambda$succeeded$2(Lcom/eyetwin/entities/User;)V+19 org.example.eyetwinjava@1.0-SNAPSHOT
j  com.eyetwin.controller.admin.FaceVerifyController$4$$Lambda$712+0x000001c84a39ac50.run()V+8 org.example.eyetwinjava@1.0-SNAPSHOT
J 3117 c1 com.sun.javafx.application.PlatformImpl$$Lambda$110+0x000001c84a086650.run()Ljava/lang/Object; javafx.graphics@21.0.2 (8 bytes) @ 0x000001c8326b63fc [0x000001c8326b62c0+0x000000000000013c]
J 3115 c1 com.sun.javafx.application.PlatformImpl.lambda$runLater$11(Ljava/lang/Runnable;Ljava/security/AccessControlContext;)V javafx.graphics@21.0.2 (41 bytes) @ 0x000001c8326b5314 [0x000001c8326b4ca0+0x0000000000000674]
J 3114 c1 com.sun.javafx.application.PlatformImpl$$Lambda$109+0x000001c84a085dd0.run()V javafx.graphics@21.0.2 (12 bytes) @ 0x000001c8326b489c [0x000001c8326b4820+0x000000000000007c]
J 6551 c2 com.sun.glass.ui.InvokeLaterDispatcher$Future.run()V javafx.graphics@21.0.2 (91 bytes) @ 0x000001c839ffca88 [0x000001c839ffca40+0x0000000000000048]
v  ~StubRoutines::call_stub
j  com.sun.glass.ui.win.WinApplication._runLoop(Ljava/lang/Runnable;)V+0 javafx.graphics@21.0.2
j  com.sun.glass.ui.win.WinApplication.lambda$runLoop$3(ILjava/lang/Runnable;)V+8 javafx.graphics@21.0.2
j  com.sun.glass.ui.win.WinApplication$$Lambda$98+0x000001c84a02dd10.run()V+12 javafx.graphics@21.0.2
j  java.lang.Thread.run()V+11 java.base@17.0.11
v  ~StubRoutines::call_stub

---------------  P R O C E S S  ---------------

Threads class SMR info:
_java_thread_list=0x000001c848d26860, length=22, elements={
0x000001c82a894ce0, 0x000001c8483af550, 0x000001c8483afd20, 0x000001c8483bdb00,
0x000001c8483c01e0, 0x000001c8483c07b0, 0x000001c8483c4d90, 0x000001c8483c5570,
0x000001c8483c6cc0, 0x000001c8483cdea0, 0x000001c848b6dff0, 0x000001c88e31a840,
0x000001c88e255af0, 0x000001c88e256a20, 0x000001c88e257e60, 0x000001c88e258370,
0x000001c88e254bc0, 0x000001c88e256f30, 0x000001c88e257950, 0x000001c88e257440,
0x000001c88e2550d0, 0x000001c88e256510
}

Java Threads: ( => current thread )
  0x000001c82a894ce0 JavaThread "main" [_thread_blocked, id=14168, stack(0x0000008baff00000,0x0000008bb0000000)]
  0x000001c8483af550 JavaThread "Reference Handler" daemon [_thread_blocked, id=27576, stack(0x0000008bb0600000,0x0000008bb0700000)]
  0x000001c8483afd20 JavaThread "Finalizer" daemon [_thread_blocked, id=21376, stack(0x0000008bb0700000,0x0000008bb0800000)]
  0x000001c8483bdb00 JavaThread "Signal Dispatcher" daemon [_thread_blocked, id=26272, stack(0x0000008bb0800000,0x0000008bb0900000)]
  0x000001c8483c01e0 JavaThread "Attach Listener" daemon [_thread_blocked, id=4856, stack(0x0000008bb0900000,0x0000008bb0a00000)]
  0x000001c8483c07b0 JavaThread "Service Thread" daemon [_thread_blocked, id=11816, stack(0x0000008bb0a00000,0x0000008bb0b00000)]
  0x000001c8483c4d90 JavaThread "Monitor Deflation Thread" daemon [_thread_blocked, id=18272, stack(0x0000008bb0b00000,0x0000008bb0c00000)]
  0x000001c8483c5570 JavaThread "C2 CompilerThread0" daemon [_thread_blocked, id=17928, stack(0x0000008bb0c00000,0x0000008bb0d00000)]
  0x000001c8483c6cc0 JavaThread "C1 CompilerThread0" daemon [_thread_blocked, id=25200, stack(0x0000008bb0d00000,0x0000008bb0e00000)]
  0x000001c8483cdea0 JavaThread "Sweeper thread" daemon [_thread_blocked, id=27400, stack(0x0000008bb0e00000,0x0000008bb0f00000)]
  0x000001c848b6dff0 JavaThread "Common-Cleaner" daemon [_thread_blocked, id=24924, stack(0x0000008bb0f00000,0x0000008bb1000000)]
  0x000001c88e31a840 JavaThread "Monitor Ctrl-Break" daemon [_thread_in_native, id=7900, stack(0x0000008bb1200000,0x0000008bb1300000)]
  0x000001c88e255af0 JavaThread "Notification Thread" daemon [_thread_blocked, id=23700, stack(0x0000008bb1300000,0x0000008bb1400000)]
  0x000001c88e256a20 JavaThread "QuantumRenderer-0" daemon [_thread_blocked, id=13116, stack(0x0000008bb1500000,0x0000008bb1600000)]
  0x000001c88e257e60 JavaThread "InvokeLaterDispatcher" daemon [_thread_blocked, id=20288, stack(0x0000008bb1600000,0x0000008bb1700000)]
=>0x000001c88e258370 JavaThread "JavaFX Application Thread" [_thread_in_native, id=4496, stack(0x0000008bb1700000,0x0000008bb1800000)]
  0x000001c88e254bc0 JavaThread "Thread-1" daemon [_thread_in_native, id=13512, stack(0x0000008bb1a00000,0x0000008bb1b00000)]
  0x000001c88e256f30 JavaThread "JavaFX-Launcher" [_thread_blocked, id=19820, stack(0x0000008bb1b00000,0x0000008bb1c00000)]
  0x000001c88e257950 JavaThread "Prism Font Disposer" daemon [_thread_blocked, id=3804, stack(0x0000008bb1000000,0x0000008bb1100000)]
  0x000001c88e257440 JavaThread "Disposer" daemon [_thread_blocked, id=11196, stack(0x0000008bb2200000,0x0000008bb2300000)]
  0x000001c88e2550d0 JavaThread "Cleaner-0" daemon [_thread_blocked, id=5316, stack(0x0000008bb3200000,0x0000008bb3300000)]
  0x000001c88e256510 JavaThread "mysql-cj-abandoned-connection-cleanup" daemon [_thread_blocked, id=10796, stack(0x0000008bb2300000,0x0000008bb2400000)]

Other Threads:
  0x000001c8483a8690 VMThread "VM Thread" [stack: 0x0000008bb0500000,0x0000008bb0600000] [id=772]
  0x000001c82a919a30 WatcherThread [stack: 0x0000008bb1400000,0x0000008bb1500000] [id=24916]
  0x000001c82a8fd6e0 GCTaskThread "GC Thread#0" [stack: 0x0000008bb0000000,0x0000008bb0100000] [id=2500]
  0x000001c8932eb6c0 GCTaskThread "GC Thread#1" [stack: 0x0000008bb1c00000,0x0000008bb1d00000] [id=25572]
  0x000001c89330c070 GCTaskThread "GC Thread#2" [stack: 0x0000008bb1d00000,0x0000008bb1e00000] [id=24288]
  0x000001c8932489d0 GCTaskThread "GC Thread#3" [stack: 0x0000008bb1e00000,0x0000008bb1f00000] [id=26768]
  0x000001c893248c90 GCTaskThread "GC Thread#4" [stack: 0x0000008bb1f00000,0x0000008bb2000000] [id=25220]
  0x000001c893249b70 GCTaskThread "GC Thread#5" [stack: 0x0000008bb2000000,0x0000008bb2100000] [id=21520]
  0x000001c893557870 GCTaskThread "GC Thread#6" [stack: 0x0000008bb2700000,0x0000008bb2800000] [id=22324]
  0x000001c893556530 GCTaskThread "GC Thread#7" [stack: 0x0000008bb2800000,0x0000008bb2900000] [id=672]
  0x000001c82a90e050 ConcurrentGCThread "G1 Main Marker" [stack: 0x0000008bb0100000,0x0000008bb0200000] [id=19168]
  0x000001c82a90f730 ConcurrentGCThread "G1 Conc#0" [stack: 0x0000008bb0200000,0x0000008bb0300000] [id=6680]
  0x000001c8e18a1cf0 ConcurrentGCThread "G1 Conc#1" [stack: 0x0000008bb2a00000,0x0000008bb2b00000] [id=24312]
  0x000001c82a93ec20 ConcurrentGCThread "G1 Refine#0" [stack: 0x0000008bb0300000,0x0000008bb0400000] [id=12136]
  0x000001c848261730 ConcurrentGCThread "G1 Service" [stack: 0x0000008bb0400000,0x0000008bb0500000] [id=23504]

Threads with active compile tasks:

VM state: not at safepoint (normal execution)

VM Mutex/Monitor currently owned by a thread: None

Heap address: 0x0000000083400000, size: 1996 MB, Compressed Oops mode: 32-bit

CDS archive(s) mapped at: [0x000001c849000000-0x000001c849bd0000-0x000001c849bd0000), size 12386304, SharedBaseAddress: 0x000001c849000000, ArchiveRelocationMode: 1.
Compressed class space mapped at: 0x000001c84a000000-0x000001c88a000000, reserved size: 1073741824
Narrow klass base: 0x000001c849000000, Narrow klass shift: 0, Narrow klass range: 0x100000000

GC Precious Log:
 CPUs: 8 total, 8 available
 Memory: 7979M
 Large Page Support: Disabled
 NUMA Support: Disabled
 Compressed Oops: Enabled (32-bit)
 Heap Region Size: 1M
 Heap Min Capacity: 8M
 Heap Initial Capacity: 126M
 Heap Max Capacity: 1996M
 Pre-touch: Disabled
 Parallel Workers: 8
 Concurrent Workers: 2
 Concurrent Refinement Workers: 8
 Periodic GC: Disabled

Heap:
 garbage-first heap   total 98304K, used 43436K [0x0000000083400000, 0x0000000100000000)
  region size 1024K, 5 young (5120K), 1 survivors (1024K)
 Metaspace       used 25577K, committed 25920K, reserved 1114112K
  class space    used 3390K, committed 3584K, reserved 1048576K

Heap Regions: E=young(eden), S=young(survivor), O=old, HS=humongous(starts), HC=humongous(continues), CS=collection set, F=free, OA=open archive, CA=closed archive, TAMS=top-at-mark-start (previous, next)
|   0|0x0000000083400000, 0x0000000083500000, 0x0000000083500000|100%|HS|  |TAMS 0x0000000083500000, 0x0000000083500000| Complete 
|   1|0x0000000083500000, 0x0000000083600000, 0x0000000083600000|100%|HC|  |TAMS 0x0000000083600000, 0x0000000083600000| Complete 
|   2|0x0000000083600000, 0x0000000083700000, 0x0000000083700000|100%|HS|  |TAMS 0x0000000083700000, 0x0000000083700000| Complete 
|   3|0x0000000083700000, 0x0000000083800000, 0x0000000083800000|100%|HS|  |TAMS 0x0000000083800000, 0x0000000083800000| Complete 
|   4|0x0000000083800000, 0x0000000083900000, 0x0000000083900000|100%|HC|  |TAMS 0x0000000083900000, 0x0000000083900000| Complete 
|   5|0x0000000083900000, 0x0000000083a00000, 0x0000000083a00000|100%|HC|  |TAMS 0x0000000083a00000, 0x0000000083a00000| Complete 
|   6|0x0000000083a00000, 0x0000000083b00000, 0x0000000083b00000|100%|HC|  |TAMS 0x0000000083b00000, 0x0000000083b00000| Complete 
|   7|0x0000000083b00000, 0x0000000083c00000, 0x0000000083c00000|100%| O|  |TAMS 0x0000000083c00000, 0x0000000083c00000| Untracked 
|   8|0x0000000083c00000, 0x0000000083d00000, 0x0000000083d00000|100%| O|  |TAMS 0x0000000083d00000, 0x0000000083d00000| Untracked 
|   9|0x0000000083d00000, 0x0000000083e00000, 0x0000000083e00000|100%| O|  |TAMS 0x0000000083e00000, 0x0000000083e00000| Untracked 
|  10|0x0000000083e00000, 0x0000000083e62800, 0x0000000083f00000| 38%| O|  |TAMS 0x0000000083e62800, 0x0000000083e62800| Untracked 
|  11|0x0000000083f00000, 0x0000000084000000, 0x0000000084000000|100%|HS|  |TAMS 0x0000000084000000, 0x0000000084000000| Complete 
|  12|0x0000000084000000, 0x0000000084100000, 0x0000000084100000|100%|HC|  |TAMS 0x0000000084100000, 0x0000000084100000| Complete 
|  13|0x0000000084100000, 0x0000000084200000, 0x0000000084200000|100%|HS|  |TAMS 0x0000000084200000, 0x0000000084200000| Complete 
|  14|0x0000000084200000, 0x0000000084300000, 0x0000000084300000|100%|HS|  |TAMS 0x0000000084200000, 0x0000000084300000| Complete 
|  15|0x0000000084300000, 0x0000000084400000, 0x0000000084400000|100%|HS|  |TAMS 0x0000000084300000, 0x0000000084400000| Complete 
|  16|0x0000000084400000, 0x0000000084500000, 0x0000000084500000|100%|HC|  |TAMS 0x0000000084400000, 0x0000000084500000| Complete 
|  17|0x0000000084500000, 0x0000000084600000, 0x0000000084600000|100%|HS|  |TAMS 0x0000000084500000, 0x0000000084600000| Complete 
|  18|0x0000000084600000, 0x0000000084700000, 0x0000000084700000|100%|HC|  |TAMS 0x0000000084600000, 0x0000000084700000| Complete 
|  19|0x0000000084700000, 0x0000000084800000, 0x0000000084800000|100%|HS|  |TAMS 0x0000000084700000, 0x0000000084700000| Complete 
|  20|0x0000000084800000, 0x0000000084900000, 0x0000000084900000|100%|HS|  |TAMS 0x0000000084800000, 0x0000000084800000| Complete 
|  21|0x0000000084900000, 0x0000000084a00000, 0x0000000084a00000|100%|HS|  |TAMS 0x0000000084900000, 0x0000000084a00000| Complete 
|  22|0x0000000084a00000, 0x0000000084b00000, 0x0000000084b00000|100%| O|  |TAMS 0x0000000084a00000, 0x0000000084b00000| Untracked 
|  23|0x0000000084b00000, 0x0000000084c00000, 0x0000000084c00000|100%| O|  |TAMS 0x0000000084b00000, 0x0000000084c00000| Untracked 
|  24|0x0000000084c00000, 0x0000000084d00000, 0x0000000084d00000|100%| O|  |TAMS 0x0000000084c00000, 0x0000000084d00000| Untracked 
|  25|0x0000000084d00000, 0x0000000084e00000, 0x0000000084e00000|100%| O|  |TAMS 0x0000000084d00000, 0x0000000084e00000| Untracked 
|  26|0x0000000084e00000, 0x0000000084f00000, 0x0000000084f00000|100%| O|  |TAMS 0x0000000084e00000, 0x0000000084f00000| Untracked 
|  27|0x0000000084f00000, 0x0000000085000000, 0x0000000085000000|100%| O|  |TAMS 0x0000000084f00000, 0x0000000085000000| Untracked 
|  28|0x0000000085000000, 0x0000000085100000, 0x0000000085100000|100%| O|  |TAMS 0x0000000085000000, 0x0000000085100000| Untracked 
|  29|0x0000000085100000, 0x0000000085200000, 0x0000000085200000|100%| O|  |TAMS 0x0000000085100000, 0x0000000085200000| Untracked 
|  30|0x0000000085200000, 0x0000000085300000, 0x0000000085300000|100%|HS|  |TAMS 0x0000000085200000, 0x0000000085200000| Complete 
|  31|0x0000000085300000, 0x0000000085400000, 0x0000000085400000|100%|HS|  |TAMS 0x0000000085300000, 0x0000000085300000| Complete 
|  32|0x0000000085400000, 0x0000000085500000, 0x0000000085500000|100%|HS|  |TAMS 0x0000000085400000, 0x0000000085400000| Complete 
|  33|0x0000000085500000, 0x0000000085500000, 0x0000000085600000|  0%| F|  |TAMS 0x0000000085500000, 0x0000000085500000| Untracked 
|  34|0x0000000085600000, 0x0000000085600000, 0x0000000085700000|  0%| F|  |TAMS 0x0000000085600000, 0x0000000085600000| Untracked 
|  35|0x0000000085700000, 0x0000000085800000, 0x0000000085800000|100%|HS|  |TAMS 0x0000000085700000, 0x0000000085800000| Complete 
|  36|0x0000000085800000, 0x0000000085800000, 0x0000000085900000|  0%| F|  |TAMS 0x0000000085800000, 0x0000000085800000| Untracked 
|  37|0x0000000085900000, 0x0000000085a00000, 0x0000000085a00000|100%|HS|  |TAMS 0x0000000085900000, 0x0000000085a00000| Complete 
|  38|0x0000000085a00000, 0x0000000085a00000, 0x0000000085b00000|  0%| F|  |TAMS 0x0000000085a00000, 0x0000000085a00000| Untracked 
|  39|0x0000000085b00000, 0x0000000085b00000, 0x0000000085c00000|  0%| F|  |TAMS 0x0000000085b00000, 0x0000000085b00000| Untracked 
|  40|0x0000000085c00000, 0x0000000085c00000, 0x0000000085d00000|  0%| F|  |TAMS 0x0000000085c00000, 0x0000000085c00000| Untracked 
|  41|0x0000000085d00000, 0x0000000085e00000, 0x0000000085e00000|100%| O|  |TAMS 0x0000000085d00000, 0x0000000085e00000| Untracked 
|  42|0x0000000085e00000, 0x0000000085f00000, 0x0000000085f00000|100%| O|  |TAMS 0x0000000085e00000, 0x0000000085f00000| Untracked 
|  43|0x0000000085f00000, 0x0000000086000000, 0x0000000086000000|100%| O|  |TAMS 0x0000000085f00000, 0x0000000086000000| Untracked 
|  44|0x0000000086000000, 0x0000000086100000, 0x0000000086100000|100%| O|  |TAMS 0x0000000086000000, 0x0000000086100000| Untracked 
|  45|0x0000000086100000, 0x00000000861c7a00, 0x0000000086200000| 77%| O|  |TAMS 0x0000000086100000, 0x00000000861c7a00| Untracked 
|  46|0x0000000086200000, 0x0000000086200000, 0x0000000086300000|  0%| F|  |TAMS 0x0000000086200000, 0x0000000086200000| Untracked 
|  47|0x0000000086300000, 0x0000000086300000, 0x0000000086400000|  0%| F|  |TAMS 0x0000000086300000, 0x0000000086300000| Untracked 
|  48|0x0000000086400000, 0x0000000086400000, 0x0000000086500000|  0%| F|  |TAMS 0x0000000086400000, 0x0000000086400000| Untracked 
|  49|0x0000000086500000, 0x0000000086500000, 0x0000000086600000|  0%| F|  |TAMS 0x0000000086500000, 0x0000000086500000| Untracked 
|  50|0x0000000086600000, 0x0000000086600000, 0x0000000086700000|  0%| F|  |TAMS 0x0000000086600000, 0x0000000086600000| Untracked 
|  51|0x0000000086700000, 0x0000000086700000, 0x0000000086800000|  0%| F|  |TAMS 0x0000000086700000, 0x0000000086700000| Untracked 
|  52|0x0000000086800000, 0x0000000086800000, 0x0000000086900000|  0%| F|  |TAMS 0x0000000086800000, 0x0000000086800000| Untracked 
|  53|0x0000000086900000, 0x0000000086900000, 0x0000000086a00000|  0%| F|  |TAMS 0x0000000086900000, 0x0000000086900000| Untracked 
|  54|0x0000000086a00000, 0x0000000086a00000, 0x0000000086b00000|  0%| F|  |TAMS 0x0000000086a00000, 0x0000000086a00000| Untracked 
|  55|0x0000000086b00000, 0x0000000086b00000, 0x0000000086c00000|  0%| F|  |TAMS 0x0000000086b00000, 0x0000000086b00000| Untracked 
|  56|0x0000000086c00000, 0x0000000086c00000, 0x0000000086d00000|  0%| F|  |TAMS 0x0000000086c00000, 0x0000000086c00000| Untracked 
|  57|0x0000000086d00000, 0x0000000086d00000, 0x0000000086e00000|  0%| F|  |TAMS 0x0000000086d00000, 0x0000000086d00000| Untracked 
|  58|0x0000000086e00000, 0x0000000086e00000, 0x0000000086f00000|  0%| F|  |TAMS 0x0000000086e00000, 0x0000000086e00000| Untracked 
|  59|0x0000000086f00000, 0x0000000086f00000, 0x0000000087000000|  0%| F|  |TAMS 0x0000000086f00000, 0x0000000086f00000| Untracked 
|  60|0x0000000087000000, 0x0000000087000000, 0x0000000087100000|  0%| F|  |TAMS 0x0000000087000000, 0x0000000087000000| Untracked 
|  61|0x0000000087100000, 0x0000000087100000, 0x0000000087200000|  0%| F|  |TAMS 0x0000000087100000, 0x0000000087100000| Untracked 
|  62|0x0000000087200000, 0x0000000087200000, 0x0000000087300000|  0%| F|  |TAMS 0x0000000087200000, 0x0000000087200000| Untracked 
|  63|0x0000000087300000, 0x0000000087300000, 0x0000000087400000|  0%| F|  |TAMS 0x0000000087300000, 0x0000000087300000| Untracked 
|  64|0x0000000087400000, 0x0000000087400000, 0x0000000087500000|  0%| F|  |TAMS 0x0000000087400000, 0x0000000087400000| Untracked 
|  65|0x0000000087500000, 0x0000000087500000, 0x0000000087600000|  0%| F|  |TAMS 0x0000000087500000, 0x0000000087500000| Untracked 
|  66|0x0000000087600000, 0x0000000087600000, 0x0000000087700000|  0%| F|  |TAMS 0x0000000087600000, 0x0000000087600000| Untracked 
|  67|0x0000000087700000, 0x0000000087700000, 0x0000000087800000|  0%| F|  |TAMS 0x0000000087700000, 0x0000000087700000| Untracked 
|  68|0x0000000087800000, 0x0000000087800000, 0x0000000087900000|  0%| F|  |TAMS 0x0000000087800000, 0x0000000087800000| Untracked 
|  69|0x0000000087900000, 0x0000000087900000, 0x0000000087a00000|  0%| F|  |TAMS 0x0000000087900000, 0x0000000087900000| Untracked 
|  70|0x0000000087a00000, 0x0000000087a00000, 0x0000000087b00000|  0%| F|  |TAMS 0x0000000087a00000, 0x0000000087a00000| Untracked 
|  71|0x0000000087b00000, 0x0000000087b00000, 0x0000000087c00000|  0%| F|  |TAMS 0x0000000087b00000, 0x0000000087b00000| Untracked 
|  72|0x0000000087c00000, 0x0000000087c00000, 0x0000000087d00000|  0%| F|  |TAMS 0x0000000087c00000, 0x0000000087c00000| Untracked 
|  73|0x0000000087d00000, 0x0000000087d00000, 0x0000000087e00000|  0%| F|  |TAMS 0x0000000087d00000, 0x0000000087d00000| Untracked 
|  74|0x0000000087e00000, 0x0000000087e00000, 0x0000000087f00000|  0%| F|  |TAMS 0x0000000087e00000, 0x0000000087e00000| Untracked 
|  75|0x0000000087f00000, 0x0000000087f00000, 0x0000000088000000|  0%| F|  |TAMS 0x0000000087f00000, 0x0000000087f00000| Untracked 
|  76|0x0000000088000000, 0x0000000088000000, 0x0000000088100000|  0%| F|  |TAMS 0x0000000088000000, 0x0000000088000000| Untracked 
|  77|0x0000000088100000, 0x0000000088100000, 0x0000000088200000|  0%| F|  |TAMS 0x0000000088100000, 0x0000000088100000| Untracked 
|  78|0x0000000088200000, 0x0000000088200000, 0x0000000088300000|  0%| F|  |TAMS 0x0000000088200000, 0x0000000088200000| Untracked 
|  79|0x0000000088300000, 0x0000000088300000, 0x0000000088400000|  0%| F|  |TAMS 0x0000000088300000, 0x0000000088300000| Untracked 
|  80|0x0000000088400000, 0x0000000088400000, 0x0000000088500000|  0%| F|  |TAMS 0x0000000088400000, 0x0000000088400000| Untracked 
|  81|0x0000000088500000, 0x0000000088500000, 0x0000000088600000|  0%| F|  |TAMS 0x0000000088500000, 0x0000000088500000| Untracked 
|  82|0x0000000088600000, 0x0000000088600000, 0x0000000088700000|  0%| F|  |TAMS 0x0000000088600000, 0x0000000088600000| Untracked 
|  83|0x0000000088700000, 0x0000000088700000, 0x0000000088800000|  0%| F|  |TAMS 0x0000000088700000, 0x0000000088700000| Untracked 
|  84|0x0000000088800000, 0x0000000088800000, 0x0000000088900000|  0%| F|  |TAMS 0x0000000088800000, 0x0000000088800000| Untracked 
|  85|0x0000000088900000, 0x0000000088900000, 0x0000000088a00000|  0%| F|  |TAMS 0x0000000088900000, 0x0000000088900000| Untracked 
|  86|0x0000000088a00000, 0x0000000088a00000, 0x0000000088b00000|  0%| F|  |TAMS 0x0000000088a00000, 0x0000000088a00000| Untracked 
|  87|0x0000000088b00000, 0x0000000088b00000, 0x0000000088c00000|  0%| F|  |TAMS 0x0000000088b00000, 0x0000000088b00000| Untracked 
|  88|0x0000000088c00000, 0x0000000088c00000, 0x0000000088d00000|  0%| F|  |TAMS 0x0000000088c00000, 0x0000000088c00000| Untracked 
|  89|0x0000000088d00000, 0x0000000088d00000, 0x0000000088e00000|  0%| F|  |TAMS 0x0000000088d00000, 0x0000000088d00000| Untracked 
|  90|0x0000000088e00000, 0x0000000088e00000, 0x0000000088f00000|  0%| F|  |TAMS 0x0000000088e00000, 0x0000000088e00000| Untracked 
|  91|0x0000000088f00000, 0x0000000088f32638, 0x0000000089000000| 19%| E|  |TAMS 0x0000000088f00000, 0x0000000088f00000| Complete 
|  92|0x0000000089000000, 0x0000000089100000, 0x0000000089100000|100%| E|CS|TAMS 0x0000000089000000, 0x0000000089000000| Complete 
|  93|0x0000000089100000, 0x0000000089140ee8, 0x0000000089200000| 25%| S|CS|TAMS 0x0000000089100000, 0x0000000089100000| Complete 
|  94|0x0000000089200000, 0x0000000089300000, 0x0000000089300000|100%| E|CS|TAMS 0x0000000089200000, 0x0000000089200000| Complete 
| 125|0x000000008b100000, 0x000000008b200000, 0x000000008b200000|100%| E|CS|TAMS 0x000000008b100000, 0x000000008b100000| Complete 

Card table byte_map: [0x000001c841850000,0x000001c841c40000] _byte_map_base: 0x000001c841436000

Marking Bits (Prev, Next): (CMBitMap*) 0x000001c82a8fdd40, (CMBitMap*) 0x000001c82a8fdd00
 Prev Bits: [0x000001c843f60000, 0x000001c845e90000)
 Next Bits: [0x000001c842030000, 0x000001c843f60000)

Polling page: 0x000001c8287c0000

Metaspace:

Usage:
  Non-class:     21.67 MB used.
      Class:      3.31 MB used.
       Both:     24.98 MB used.

Virtual space:
  Non-class space:       64.00 MB reserved,      21.81 MB ( 34%) committed,  1 nodes.
      Class space:        1.00 GB reserved,       3.50 MB ( <1%) committed,  1 nodes.
             Both:        1.06 GB reserved,      25.31 MB (  2%) committed. 

Chunk freelists:
   Non-Class:  10.00 MB
       Class:  12.38 MB
        Both:  22.38 MB

MaxMetaspaceSize: unlimited
CompressedClassSpaceSize: 1.00 GB
Initial GC threshold: 21.00 MB
Current GC threshold: 35.25 MB
CDS: on
MetaspaceReclaimPolicy: balanced
 - commit_granule_bytes: 65536.
 - commit_granule_words: 8192.
 - virtual_space_node_default_size: 8388608.
 - enlarge_chunks_in_place: 1.
 - new_chunks_are_fully_committed: 0.
 - uncommit_free_chunks: 1.
 - use_allocation_guard: 0.
 - handle_deallocations: 1.


Internal statistics:

num_allocs_failed_limit: 3.
num_arena_births: 434.
num_arena_deaths: 0.
num_vsnodes_births: 2.
num_vsnodes_deaths: 0.
num_space_committed: 405.
num_space_uncommitted: 0.
num_chunks_returned_to_freelist: 3.
num_chunks_taken_from_freelist: 1323.
num_chunk_merges: 3.
num_chunk_splits: 916.
num_chunks_enlarged: 670.
num_inconsistent_stats: 0.

CodeHeap 'non-profiled nmethods': size=120000Kb used=4097Kb max_used=4097Kb free=115902Kb
 bounds [0x000001c839c00000, 0x000001c83a010000, 0x000001c841130000]
CodeHeap 'profiled nmethods': size=120000Kb used=11915Kb max_used=11915Kb free=108085Kb
 bounds [0x000001c832130000, 0x000001c832ce0000, 0x000001c839660000]
CodeHeap 'non-nmethods': size=5760Kb used=1729Kb max_used=1751Kb free=4030Kb
 bounds [0x000001c839660000, 0x000001c8398d0000, 0x000001c839c00000]
 total_blobs=6977 nmethods=5810 adapters=1077
 compilation: enabled
              stopped_count=0, restarted_count=0
 full_count=0

Compilation events (20 events):
Event: 36.571 Thread 0x000001c8483c6cc0 6558       3       java.util.HashMap$EntrySet::iterator (12 bytes)
Event: 36.572 Thread 0x000001c8483c6cc0 nmethod 6558 0x000001c832cd0510 code [0x000001c832cd06c0, 0x000001c832cd0928]
Event: 36.572 Thread 0x000001c8483c6cc0 6559       3       java.util.HashMap$EntryIterator::<init> (11 bytes)
Event: 36.572 Thread 0x000001c8483c6cc0 nmethod 6559 0x000001c832cd0a10 code [0x000001c832cd0bc0, 0x000001c832cd0d48]
Event: 36.578 Thread 0x000001c8483c5570 6560 %     4       com.eyetwin.controller.admin.FaceVerifyController::extractLBPDescriptor @ 111 (342 bytes)
Event: 36.595 Thread 0x000001c8483c5570 nmethod 6560% 0x000001c839ffeb10 code [0x000001c839ffed00, 0x000001c839fff6f8]
Event: 36.599 Thread 0x000001c8483c6cc0 6561       3       java.util.regex.Matcher::end (67 bytes)
Event: 36.599 Thread 0x000001c8483c5570 6562       4       java.nio.ByteBuffer::arrayOffset (35 bytes)
Event: 36.600 Thread 0x000001c8483c6cc0 nmethod 6561 0x000001c832cd0e10 code [0x000001c832cd1060, 0x000001c832cd18a8]
Event: 36.600 Thread 0x000001c8483c5570 nmethod 6562 0x000001c839fffb90 code [0x000001c839fffd00, 0x000001c839fffdb8]
Event: 36.600 Thread 0x000001c8483c6cc0 6564       3       java.util.regex.Pattern$GroupTail::match (111 bytes)
Event: 36.600 Thread 0x000001c8483c5570 6565       4       java.nio.ByteBuffer::flip (7 bytes)
Event: 36.600 Thread 0x000001c8483c6cc0 nmethod 6564 0x000001c832cd1c10 code [0x000001c832cd1de0, 0x000001c832cd21a8]
Event: 36.600 Thread 0x000001c8483c6cc0 6563       3       java.util.regex.Pattern$BranchConn::match (11 bytes)
Event: 36.600 Thread 0x000001c8483c6cc0 nmethod 6563 0x000001c832cd2390 code [0x000001c832cd2540, 0x000001c832cd2708]
Event: 36.600 Thread 0x000001c8483c5570 nmethod 6565 0x000001c839fffe90 code [0x000001c83a000000, 0x000001c83a000098]
Event: 36.600 Thread 0x000001c8483c5570 6566       4       java.nio.Buffer::flip (20 bytes)
Event: 36.601 Thread 0x000001c8483c5570 nmethod 6566 0x000001c83a000190 code [0x000001c83a000300, 0x000001c83a000398]
Event: 38.955 Thread 0x000001c8483c6cc0 6567       3       javafx.scene.Node$FocusPropertyBase::notifyListeners (77 bytes)
Event: 38.956 Thread 0x000001c8483c6cc0 nmethod 6567 0x000001c832cd2810 code [0x000001c832cd2aa0, 0x000001c832cd3758]

GC Heap History (20 events):
Event: 32.753 GC heap before
{Heap before GC invocations=8 (full 0):
 garbage-first heap   total 81920K, used 37242K [0x0000000083400000, 0x0000000100000000)
  region size 1024K, 3 young (3072K), 1 survivors (1024K)
 Metaspace       used 25495K, committed 25920K, reserved 1114112K
  class space    used 3384K, committed 3584K, reserved 1048576K
}
Event: 32.754 GC heap after
{Heap after GC invocations=9 (full 0):
 garbage-first heap   total 98304K, used 34131K [0x0000000083400000, 0x0000000100000000)
  region size 1024K, 1 young (1024K), 1 survivors (1024K)
 Metaspace       used 25495K, committed 25920K, reserved 1114112K
  class space    used 3384K, committed 3584K, reserved 1048576K
}
Event: 33.263 GC heap before
{Heap before GC invocations=9 (full 0):
 garbage-first heap   total 98304K, used 44371K [0x0000000083400000, 0x0000000100000000)
  region size 1024K, 3 young (3072K), 1 survivors (1024K)
 Metaspace       used 25498K, committed 25920K, reserved 1114112K
  class space    used 3384K, committed 3584K, reserved 1048576K
}
Event: 33.264 GC heap after
{Heap after GC invocations=10 (full 0):
 garbage-first heap   total 98304K, used 34134K [0x0000000083400000, 0x0000000100000000)
  region size 1024K, 1 young (1024K), 1 survivors (1024K)
 Metaspace       used 25498K, committed 25920K, reserved 1114112K
  class space    used 3384K, committed 3584K, reserved 1048576K
}
Event: 33.678 GC heap before
{Heap before GC invocations=10 (full 0):
 garbage-first heap   total 98304K, used 44374K [0x0000000083400000, 0x0000000100000000)
  region size 1024K, 3 young (3072K), 1 survivors (1024K)
 Metaspace       used 25502K, committed 25920K, reserved 1114112K
  class space    used 3384K, committed 3584K, reserved 1048576K
}
Event: 33.679 GC heap after
{Heap after GC invocations=11 (full 0):
 garbage-first heap   total 98304K, used 34138K [0x0000000083400000, 0x0000000100000000)
  region size 1024K, 1 young (1024K), 1 survivors (1024K)
 Metaspace       used 25502K, committed 25920K, reserved 1114112K
  class space    used 3384K, committed 3584K, reserved 1048576K
}
Event: 34.104 GC heap before
{Heap before GC invocations=11 (full 0):
 garbage-first heap   total 98304K, used 45402K [0x0000000083400000, 0x0000000100000000)
  region size 1024K, 4 young (4096K), 1 survivors (1024K)
 Metaspace       used 25505K, committed 25920K, reserved 1114112K
  class space    used 3384K, committed 3584K, reserved 1048576K
}
Event: 34.105 GC heap after
{Heap after GC invocations=12 (full 0):
 garbage-first heap   total 98304K, used 34138K [0x0000000083400000, 0x0000000100000000)
  region size 1024K, 1 young (1024K), 1 survivors (1024K)
 Metaspace       used 25505K, committed 25920K, reserved 1114112K
  class space    used 3384K, committed 3584K, reserved 1048576K
}
Event: 34.572 GC heap before
{Heap before GC invocations=12 (full 0):
 garbage-first heap   total 98304K, used 44378K [0x0000000083400000, 0x0000000100000000)
  region size 1024K, 3 young (3072K), 1 survivors (1024K)
 Metaspace       used 25511K, committed 25920K, reserved 1114112K
  class space    used 3384K, committed 3584K, reserved 1048576K
}
Event: 34.573 GC heap after
{Heap after GC invocations=13 (full 0):
 garbage-first heap   total 98304K, used 34148K [0x0000000083400000, 0x0000000100000000)
  region size 1024K, 1 young (1024K), 1 survivors (1024K)
 Metaspace       used 25511K, committed 25920K, reserved 1114112K
  class space    used 3384K, committed 3584K, reserved 1048576K
}
Event: 34.932 GC heap before
{Heap before GC invocations=13 (full 0):
 garbage-first heap   total 98304K, used 44388K [0x0000000083400000, 0x0000000100000000)
  region size 1024K, 4 young (4096K), 1 survivors (1024K)
 Metaspace       used 25542K, committed 25920K, reserved 1114112K
  class space    used 3386K, committed 3584K, reserved 1048576K
}
Event: 34.934 GC heap after
{Heap after GC invocations=14 (full 0):
 garbage-first heap   total 98304K, used 34175K [0x0000000083400000, 0x0000000100000000)
  region size 1024K, 1 young (1024K), 1 survivors (1024K)
 Metaspace       used 25542K, committed 25920K, reserved 1114112K
  class space    used 3386K, committed 3584K, reserved 1048576K
}
Event: 35.365 GC heap before
{Heap before GC invocations=14 (full 0):
 garbage-first heap   total 98304K, used 46463K [0x0000000083400000, 0x0000000100000000)
  region size 1024K, 5 young (5120K), 1 survivors (1024K)
 Metaspace       used 25551K, committed 25920K, reserved 1114112K
  class space    used 3387K, committed 3584K, reserved 1048576K
}
Event: 35.366 GC heap after
{Heap after GC invocations=15 (full 0):
 garbage-first heap   total 98304K, used 34162K [0x0000000083400000, 0x0000000100000000)
  region size 1024K, 1 young (1024K), 1 survivors (1024K)
 Metaspace       used 25551K, committed 25920K, reserved 1114112K
  class space    used 3387K, committed 3584K, reserved 1048576K
}
Event: 35.700 GC heap before
{Heap before GC invocations=15 (full 0):
 garbage-first heap   total 98304K, used 44402K [0x0000000083400000, 0x0000000100000000)
  region size 1024K, 4 young (4096K), 1 survivors (1024K)
 Metaspace       used 25569K, committed 25920K, reserved 1114112K
  class space    used 3390K, committed 3584K, reserved 1048576K
}
Event: 35.702 GC heap after
{Heap after GC invocations=16 (full 0):
 garbage-first heap   total 98304K, used 34163K [0x0000000083400000, 0x0000000100000000)
  region size 1024K, 1 young (1024K), 1 survivors (1024K)
 Metaspace       used 25569K, committed 25920K, reserved 1114112K
  class space    used 3390K, committed 3584K, reserved 1048576K
}
Event: 36.116 GC heap before
{Heap before GC invocations=16 (full 0):
 garbage-first heap   total 98304K, used 46451K [0x0000000083400000, 0x0000000100000000)
  region size 1024K, 5 young (5120K), 1 survivors (1024K)
 Metaspace       used 25570K, committed 25920K, reserved 1114112K
  class space    used 3390K, committed 3584K, reserved 1048576K
}
Event: 36.117 GC heap after
{Heap after GC invocations=17 (full 0):
 garbage-first heap   total 98304K, used 34159K [0x0000000083400000, 0x0000000100000000)
  region size 1024K, 1 young (1024K), 1 survivors (1024K)
 Metaspace       used 25570K, committed 25920K, reserved 1114112K
  class space    used 3390K, committed 3584K, reserved 1048576K
}
Event: 36.481 GC heap before
{Heap before GC invocations=17 (full 0):
 garbage-first heap   total 98304K, used 44399K [0x0000000083400000, 0x0000000100000000)
  region size 1024K, 3 young (3072K), 1 survivors (1024K)
 Metaspace       used 25570K, committed 25920K, reserved 1114112K
  class space    used 3390K, committed 3584K, reserved 1048576K
}
Event: 36.482 GC heap after
{Heap after GC invocations=18 (full 0):
 garbage-first heap   total 98304K, used 35244K [0x0000000083400000, 0x0000000100000000)
  region size 1024K, 1 young (1024K), 1 survivors (1024K)
 Metaspace       used 25570K, committed 25920K, reserved 1114112K
  class space    used 3390K, committed 3584K, reserved 1048576K
}

Deoptimization events (20 events):
Event: 34.742 Thread 0x000001c893c1d300 DEOPT PACKING pc=0x000001c839fc3234 sp=0x0000008bb4bfe4e0
Event: 34.742 Thread 0x000001c893c1d300 DEOPT UNPACKING pc=0x000001c8396b5ba3 sp=0x0000008bb4bfe438 mode 2
Event: 34.742 Thread 0x000001c893c1d300 Uncommon trap: trap_request=0xffffff45 fr.pc=0x000001c839fc3bb4 relative=0x0000000000000194
Event: 34.742 Thread 0x000001c893c1d300 Uncommon trap: reason=unstable_if action=reinterpret pc=0x000001c839fc3bb4 method=sun.nio.ch.Util$BufferCache.get(I)Ljava/nio/ByteBuffer; @ 47 c2
Event: 34.742 Thread 0x000001c893c1d300 DEOPT PACKING pc=0x000001c839fc3bb4 sp=0x0000008bb4bfe450
Event: 34.742 Thread 0x000001c893c1d300 DEOPT UNPACKING pc=0x000001c8396b5ba3 sp=0x0000008bb4bfe408 mode 2
Event: 34.746 Thread 0x000001c88e256a20 Uncommon trap: trap_request=0xffffff45 fr.pc=0x000001c839fb0e10 relative=0x0000000000000950
Event: 34.746 Thread 0x000001c88e256a20 Uncommon trap: reason=unstable_if action=reinterpret pc=0x000001c839fb0e10 method=com.sun.javafx.sg.prism.NGGroup.computeRenderRoot(Lcom/sun/javafx/sg/prism/NodePath;Lcom/sun/javafx/geom/RectBounds;ILcom/sun/javafx/geom/transform/BaseTransform;Lcom/sun/ja
Event: 34.746 Thread 0x000001c88e256a20 DEOPT PACKING pc=0x000001c839fb0e10 sp=0x0000008bb15fe840
Event: 34.746 Thread 0x000001c88e256a20 DEOPT UNPACKING pc=0x000001c8396b5ba3 sp=0x0000008bb15fe770 mode 2
Event: 35.370 Thread 0x000001c893c1d300 Uncommon trap: trap_request=0xffffff45 fr.pc=0x000001c839d901fc relative=0x00000000000000dc
Event: 35.370 Thread 0x000001c893c1d300 Uncommon trap: reason=unstable_if action=reinterpret pc=0x000001c839d901fc method=java.lang.ThreadLocal$ThreadLocalMap.getEntry(Ljava/lang/ThreadLocal;)Ljava/lang/ThreadLocal$ThreadLocalMap$Entry; @ 29 c2
Event: 35.370 Thread 0x000001c893c1d300 DEOPT PACKING pc=0x000001c839d901fc sp=0x0000008bb4bfed60
Event: 35.370 Thread 0x000001c893c1d300 DEOPT UNPACKING pc=0x000001c8396b5ba3 sp=0x0000008bb4bfec78 mode 2
Event: 36.022 Thread 0x000001c893c1d300 Uncommon trap: trap_request=0xffffff45 fr.pc=0x000001c839d91e58 relative=0x00000000000000b8
Event: 36.022 Thread 0x000001c893c1d300 Uncommon trap: reason=unstable_if action=reinterpret pc=0x000001c839d91e58 method=java.lang.ThreadLocal$ThreadLocalMap.getEntry(Ljava/lang/ThreadLocal;)Ljava/lang/ThreadLocal$ThreadLocalMap$Entry; @ 29 c2
Event: 36.022 Thread 0x000001c893c1d300 DEOPT PACKING pc=0x000001c839d91e58 sp=0x0000008bb4bfecd0
Event: 36.022 Thread 0x000001c893c1d300 DEOPT UNPACKING pc=0x000001c8396b5ba3 sp=0x0000008bb4bfec70 mode 2
Event: 36.581 Thread 0x000001c893c1d300 DEOPT PACKING pc=0x000001c832ccde69 sp=0x0000008bb4bff250
Event: 36.581 Thread 0x000001c893c1d300 DEOPT UNPACKING pc=0x000001c8396b66e3 sp=0x0000008bb4bfe720 mode 0

Classes unloaded (0 events):
No events

Classes redefined (0 events):
No events

Internal exceptions (20 events):
Event: 29.133 Thread 0x000001c893c1cdf0 Exception <a 'java/lang/NoSuchMethodError'{0x0000000085aaff60}: 'java.lang.Object java.lang.invoke.DirectMethodHandle$Holder.invokeStaticInit(java.lang.Object, int, int, int, int)'> (0x0000000085aaff60) 
thrown [s\open\src\hotspot\share\interpreter\linkResolver.cpp, line 759]
Event: 29.141 Thread 0x000001c88e258370 Implicit null exception at 0x000001c839fa6cde to 0x000001c839fa73dc
Event: 29.199 Thread 0x000001c893c1cdf0 Exception <a 'java/lang/NoSuchMethodError'{0x00000000859ea698}: 'java.lang.Object java.lang.invoke.DirectMethodHandle$Holder.invokeStatic(java.lang.Object, java.lang.Object, int, int, int, int)'> (0x00000000859ea698) 
thrown [s\open\src\hotspot\share\interpreter\linkResolver.cpp, line 759]
Event: 29.199 Thread 0x000001c893c1cdf0 Exception <a 'java/lang/NoSuchMethodError'{0x00000000859edea0}: 'java.lang.Object java.lang.invoke.DirectMethodHandle$Holder.invokeStaticInit(java.lang.Object, java.lang.Object, int, int, int, int)'> (0x00000000859edea0) 
thrown [s\open\src\hotspot\share\interpreter\linkResolver.cpp, line 759]
Event: 29.221 Thread 0x000001c893c1cdf0 Exception <a 'sun/nio/fs/WindowsException'{0x000000008582db78}> (0x000000008582db78) 
thrown [s\open\src\hotspot\share\prims\jni.cpp, line 516]
Event: 29.239 Thread 0x000001c893c1cdf0 Exception <a 'sun/nio/fs/WindowsException'{0x00000000858360e0}> (0x00000000858360e0) 
thrown [s\open\src\hotspot\share\prims\jni.cpp, line 516]
Event: 29.249 Thread 0x000001c893c1cdf0 Exception <a 'sun/nio/fs/WindowsException'{0x0000000085838338}> (0x0000000085838338) 
thrown [s\open\src\hotspot\share\prims\jni.cpp, line 516]
Event: 29.250 Thread 0x000001c893c1cdf0 Exception <a 'sun/nio/fs/WindowsException'{0x00000000858387f0}> (0x00000000858387f0) 
thrown [s\open\src\hotspot\share\prims\jni.cpp, line 516]
Event: 29.250 Thread 0x000001c893c1cdf0 Exception <a 'sun/nio/fs/WindowsException'{0x0000000085838b50}> (0x0000000085838b50) 
thrown [s\open\src\hotspot\share\prims\jni.cpp, line 516]
Event: 29.250 Thread 0x000001c893c1cdf0 Exception <a 'sun/nio/fs/WindowsException'{0x00000000858392c8}> (0x00000000858392c8) 
thrown [s\open\src\hotspot\share\prims\jni.cpp, line 516]
Event: 29.250 Thread 0x000001c893c1cdf0 Exception <a 'sun/nio/fs/WindowsException'{0x00000000858395f8}> (0x00000000858395f8) 
thrown [s\open\src\hotspot\share\prims\jni.cpp, line 516]
Event: 29.250 Thread 0x000001c893c1cdf0 Exception <a 'sun/nio/fs/WindowsException'{0x0000000085839d58}> (0x0000000085839d58) 
thrown [s\open\src\hotspot\share\prims\jni.cpp, line 516]
Event: 29.250 Thread 0x000001c893c1cdf0 Exception <a 'sun/nio/fs/WindowsException'{0x000000008583a068}> (0x000000008583a068) 
thrown [s\open\src\hotspot\share\prims\jni.cpp, line 516]
Event: 29.250 Thread 0x000001c893c1cdf0 Exception <a 'sun/nio/fs/WindowsException'{0x000000008583a7b0}> (0x000000008583a7b0) 
thrown [s\open\src\hotspot\share\prims\jni.cpp, line 516]
Event: 29.250 Thread 0x000001c893c1cdf0 Exception <a 'sun/nio/fs/WindowsException'{0x000000008583aa90}> (0x000000008583aa90) 
thrown [s\open\src\hotspot\share\prims\jni.cpp, line 516]
Event: 29.250 Thread 0x000001c893c1cdf0 Exception <a 'sun/nio/fs/WindowsException'{0x000000008583b1d0}> (0x000000008583b1d0) 
thrown [s\open\src\hotspot\share\prims\jni.cpp, line 516]
Event: 29.250 Thread 0x000001c893c1cdf0 Exception <a 'sun/nio/fs/WindowsException'{0x000000008583b4a0}> (0x000000008583b4a0) 
thrown [s\open\src\hotspot\share\prims\jni.cpp, line 516]
Event: 29.250 Thread 0x000001c893c1cdf0 Exception <a 'sun/nio/fs/WindowsException'{0x000000008583bb80}> (0x000000008583bb80) 
thrown [s\open\src\hotspot\share\prims\jni.cpp, line 516]
Event: 32.283 Thread 0x000001c88e256a20 Implicit null exception at 0x000001c839df842c to 0x000001c839df84a4
Event: 32.624 Thread 0x000001c893c1cdf0 Exception <a 'java/lang/NoSuchMethodError'{0x000000008b1d9d28}: 'void java.lang.invoke.DirectMethodHandle$Holder.invokeSpecial(java.lang.Object, java.lang.Object, int)'> (0x000000008b1d9d28) 
thrown [s\open\src\hotspot\share\interpreter\linkResolver.cpp, line 759]

VM Operations (20 events):
Event: 33.262 Executing VM operation: G1TryInitiateConcMark
Event: 33.264 Executing VM operation: G1TryInitiateConcMark done
Event: 33.678 Executing VM operation: G1TryInitiateConcMark
Event: 33.679 Executing VM operation: G1TryInitiateConcMark done
Event: 34.104 Executing VM operation: G1TryInitiateConcMark
Event: 34.105 Executing VM operation: G1TryInitiateConcMark done
Event: 34.572 Executing VM operation: G1TryInitiateConcMark
Event: 34.580 Executing VM operation: G1TryInitiateConcMark done
Event: 34.932 Executing VM operation: G1TryInitiateConcMark
Event: 34.934 Executing VM operation: G1TryInitiateConcMark done
Event: 35.365 Executing VM operation: G1TryInitiateConcMark
Event: 35.366 Executing VM operation: G1TryInitiateConcMark done
Event: 35.700 Executing VM operation: G1TryInitiateConcMark
Event: 35.702 Executing VM operation: G1TryInitiateConcMark done
Event: 36.115 Executing VM operation: G1TryInitiateConcMark
Event: 36.117 Executing VM operation: G1TryInitiateConcMark done
Event: 36.481 Executing VM operation: G1TryInitiateConcMark
Event: 36.486 Executing VM operation: G1TryInitiateConcMark done
Event: 37.486 Executing VM operation: Cleanup
Event: 37.487 Executing VM operation: Cleanup done

Events (20 events):
Event: 31.487 loading class java/util/TaskQueue done
Event: 31.487 loading class java/util/TimerThread
Event: 31.487 loading class java/util/TimerThread done
Event: 31.487 loading class java/util/Timer$ThreadReaper
Event: 31.487 loading class java/util/Timer$ThreadReaper done
Event: 31.487 Thread 0x000001c893c1aa80 Thread added: 0x000001c893c1aa80
Event: 31.487 Thread 0x000001c893c1cdf0 Thread added: 0x000001c893c1cdf0
Event: 32.152 Loaded shared library C:\Users\LENOVO\.openjfx\cache\21.0.2+5\amd64\javafx_iio.dll
Event: 34.740 Thread 0x000001c893c1d300 Thread added: 0x000001c893c1d300
Event: 34.750 Thread 0x000001c893c1cdf0 Thread exited: 0x000001c893c1cdf0
Event: 35.368 loading class jdk/internal/math/FormattedFloatingDecimal$Form
Event: 35.369 loading class jdk/internal/math/FormattedFloatingDecimal$Form done
Event: 35.369 loading class jdk/internal/math/FormattedFloatingDecimal
Event: 35.369 loading class jdk/internal/math/FormattedFloatingDecimal done
Event: 35.369 loading class jdk/internal/math/FormattedFloatingDecimal$1
Event: 35.369 loading class jdk/internal/math/FormattedFloatingDecimal$1 done
Event: 35.370 loading class jdk/internal/math/FormattedFloatingDecimal$2
Event: 35.370 loading class jdk/internal/math/FormattedFloatingDecimal$2 done
Event: 36.600 Thread 0x000001c893c1d300 Thread exited: 0x000001c893c1d300
Event: 36.608 Thread 0x000001c893c1aa80 Thread exited: 0x000001c893c1aa80


Dynamic libraries:
0x00007ff68b460000 - 0x00007ff68b470000 	C:\Program Files\Java\jdk-17\bin\java.exe
0x00007ff841400000 - 0x00007ff841667000 	C:\WINDOWS\SYSTEM32\ntdll.dll
0x00007ff840320000 - 0x00007ff8403e9000 	C:\WINDOWS\System32\KERNEL32.DLL
0x00007ff83e550000 - 0x00007ff83e93f000 	C:\WINDOWS\System32\KERNELBASE.dll
0x00007ff83ede0000 - 0x00007ff83ef2b000 	C:\WINDOWS\System32\ucrtbase.dll
0x00007ff838f70000 - 0x00007ff838f8b000 	C:\Program Files\Java\jdk-17\bin\VCRUNTIME140.dll
0x00007ff838f50000 - 0x00007ff838f69000 	C:\Program Files\Java\jdk-17\bin\jli.dll
0x00007ff840020000 - 0x00007ff8400d4000 	C:\WINDOWS\System32\ADVAPI32.dll
0x00007ff8406e0000 - 0x00007ff840789000 	C:\WINDOWS\System32\msvcrt.dll
0x00007ff8403f0000 - 0x00007ff840496000 	C:\WINDOWS\System32\sechost.dll
0x00007ff840790000 - 0x00007ff8408a8000 	C:\WINDOWS\System32\RPCRT4.dll
0x00007ff8410b0000 - 0x00007ff841275000 	C:\WINDOWS\System32\USER32.dll
0x00007ff83f0b0000 - 0x00007ff83f0d7000 	C:\WINDOWS\System32\win32u.dll
0x00007ff8406b0000 - 0x00007ff8406db000 	C:\WINDOWS\System32\GDI32.dll
0x00007ff83e9e0000 - 0x00007ff83eb0c000 	C:\WINDOWS\System32\gdi32full.dll
0x00007ff83ebc0000 - 0x00007ff83ec63000 	C:\WINDOWS\System32\msvcp_win.dll
0x00007ff829a60000 - 0x00007ff829cf3000 	C:\WINDOWS\WinSxS\amd64_microsoft.windows.common-controls_6595b64144ccf1df_6.0.26100.7309_none_3e05feeae336a044\COMCTL32.dll
0x00007ff83de30000 - 0x00007ff83de3b000 	C:\WINDOWS\SYSTEM32\VERSION.dll
0x00007ff841070000 - 0x00007ff8410a1000 	C:\WINDOWS\System32\IMM32.DLL
0x0000000062440000 - 0x000000006244d000 	C:\Program Files (x86)\360\Total Security\safemon\SafeWrapper.dll
0x00007ff838fb0000 - 0x00007ff8390b5000 	C:\Program Files (x86)\360\Total Security\safemon\libzdtp64.dll
0x00007ff8408c0000 - 0x00007ff841013000 	C:\WINDOWS\System32\SHELL32.dll
0x00007ff83ec70000 - 0x00007ff83edda000 	C:\WINDOWS\System32\wintypes.dll
0x00007ff83f1a0000 - 0x00007ff83f526000 	C:\WINDOWS\System32\combase.dll
0x00007ff8404a0000 - 0x00007ff840506000 	C:\WINDOWS\System32\SHLWAPI.dll
0x00007ff83afd0000 - 0x00007ff83afdc000 	C:\Program Files\Java\jdk-17\bin\vcruntime140_1.dll
0x00007ff8238b0000 - 0x00007ff82393e000 	C:\Program Files\Java\jdk-17\bin\msvcp140.dll
0x00007fff8a470000 - 0x00007fff8b050000 	C:\Program Files\Java\jdk-17\bin\server\jvm.dll
0x00007ff83fda0000 - 0x00007ff83fda8000 	C:\WINDOWS\System32\PSAPI.DLL
0x00007ff829d00000 - 0x00007ff829d35000 	C:\WINDOWS\SYSTEM32\WINMM.dll
0x00007ff8245e0000 - 0x00007ff8245ea000 	C:\WINDOWS\SYSTEM32\WSOCK32.dll
0x00007ff841340000 - 0x00007ff8413b4000 	C:\WINDOWS\System32\WS2_32.dll
0x00007ff83d290000 - 0x00007ff83d2ab000 	C:\WINDOWS\SYSTEM32\kernel.appcore.dll
0x00007ff838f20000 - 0x00007ff838f2a000 	C:\Program Files\Java\jdk-17\bin\jimage.dll
0x00007ff83bb40000 - 0x00007ff83bd82000 	C:\WINDOWS\SYSTEM32\DBGHELP.DLL
0x00007ff83fdb0000 - 0x00007ff83fe86000 	C:\WINDOWS\System32\OLEAUT32.dll
0x00007ff82b490000 - 0x00007ff82b4cc000 	C:\WINDOWS\SYSTEM32\dbgcore.DLL
0x00007ff83eb10000 - 0x00007ff83ebb5000 	C:\WINDOWS\System32\bcryptPrimitives.dll
0x00007ff838e70000 - 0x00007ff838e7e000 	C:\Program Files\Java\jdk-17\bin\instrument.dll
0x00007ff838e40000 - 0x00007ff838e65000 	C:\Program Files\Java\jdk-17\bin\java.dll
0x00007ff8237d0000 - 0x00007ff8238a7000 	C:\Program Files\Java\jdk-17\bin\jsvml.dll
0x00007ff83c100000 - 0x00007ff83c95e000 	C:\WINDOWS\SYSTEM32\windows.storage.dll
0x00007ff83f530000 - 0x00007ff83f625000 	C:\WINDOWS\System32\SHCORE.dll
0x00007ff83e470000 - 0x00007ff83e499000 	C:\WINDOWS\SYSTEM32\profapi.dll
0x00007ff82c550000 - 0x00007ff82c569000 	C:\Program Files\Java\jdk-17\bin\net.dll
0x00007ff836a30000 - 0x00007ff836b58000 	C:\WINDOWS\SYSTEM32\WINHTTP.dll
0x00007ff83d800000 - 0x00007ff83d86b000 	C:\WINDOWS\system32\mswsock.dll
0x00007ff82bdb0000 - 0x00007ff82bdc6000 	C:\Program Files\Java\jdk-17\bin\nio.dll
0x00007ff82bd80000 - 0x00007ff82bd98000 	C:\Program Files\Java\jdk-17\bin\zip.dll
0x00007ff82c5d0000 - 0x00007ff82c5ea000 	C:\Program Files\JetBrains\IntelliJ IDEA Community Edition 2024.1\bin\breakgen64.dll
0x000001c828810000 - 0x000001c828813000 	C:\Users\LENOVO\.openjfx\cache\21.0.2+5\amd64\api-ms-win-core-console-l1-1-0.dll
0x000001c828830000 - 0x000001c828833000 	C:\Users\LENOVO\.openjfx\cache\21.0.2+5\amd64\api-ms-win-core-console-l1-2-0.dll
0x000001c828be0000 - 0x000001c828be3000 	C:\Users\LENOVO\.openjfx\cache\21.0.2+5\amd64\api-ms-win-core-datetime-l1-1-0.dll
0x000001c828bf0000 - 0x000001c828bf3000 	C:\Users\LENOVO\.openjfx\cache\21.0.2+5\amd64\api-ms-win-core-debug-l1-1-0.dll
0x000001c828c00000 - 0x000001c828c03000 	C:\Users\LENOVO\.openjfx\cache\21.0.2+5\amd64\api-ms-win-core-errorhandling-l1-1-0.dll
0x000001c828c10000 - 0x000001c828c14000 	C:\Users\LENOVO\.openjfx\cache\21.0.2+5\amd64\api-ms-win-core-file-l1-1-0.dll
0x000001c82a800000 - 0x000001c82a803000 	C:\Users\LENOVO\.openjfx\cache\21.0.2+5\amd64\api-ms-win-core-file-l1-2-0.dll
0x000001c82a810000 - 0x000001c82a813000 	C:\Users\LENOVO\.openjfx\cache\21.0.2+5\amd64\api-ms-win-core-file-l2-1-0.dll
0x000001c82a820000 - 0x000001c82a823000 	C:\Users\LENOVO\.openjfx\cache\21.0.2+5\amd64\api-ms-win-core-handle-l1-1-0.dll
0x000001c82a830000 - 0x000001c82a833000 	C:\Users\LENOVO\.openjfx\cache\21.0.2+5\amd64\api-ms-win-core-heap-l1-1-0.dll
0x000001c848e60000 - 0x000001c848e63000 	C:\Users\LENOVO\.openjfx\cache\21.0.2+5\amd64\api-ms-win-core-interlocked-l1-1-0.dll
0x000001c848e70000 - 0x000001c848e73000 	C:\Users\LENOVO\.openjfx\cache\21.0.2+5\amd64\api-ms-win-core-libraryloader-l1-1-0.dll
0x000001c848e80000 - 0x000001c848e83000 	C:\Users\LENOVO\.openjfx\cache\21.0.2+5\amd64\api-ms-win-core-localization-l1-2-0.dll
0x000001c848e90000 - 0x000001c848e93000 	C:\Users\LENOVO\.openjfx\cache\21.0.2+5\amd64\api-ms-win-core-memory-l1-1-0.dll
0x000001c848ea0000 - 0x000001c848ea3000 	C:\Users\LENOVO\.openjfx\cache\21.0.2+5\amd64\api-ms-win-core-namedpipe-l1-1-0.dll
0x000001c848eb0000 - 0x000001c848eb3000 	C:\Users\LENOVO\.openjfx\cache\21.0.2+5\amd64\api-ms-win-core-processenvironment-l1-1-0.dll
0x000001c848ec0000 - 0x000001c848ec3000 	C:\Users\LENOVO\.openjfx\cache\21.0.2+5\amd64\api-ms-win-core-processthreads-l1-1-0.dll
0x000001c848ed0000 - 0x000001c848ed3000 	C:\Users\LENOVO\.openjfx\cache\21.0.2+5\amd64\api-ms-win-core-processthreads-l1-1-1.dll
0x000001c848ee0000 - 0x000001c848ee3000 	C:\Users\LENOVO\.openjfx\cache\21.0.2+5\amd64\api-ms-win-core-profile-l1-1-0.dll
0x000001c848ef0000 - 0x000001c848ef3000 	C:\Users\LENOVO\.openjfx\cache\21.0.2+5\amd64\api-ms-win-core-rtlsupport-l1-1-0.dll
0x000001c848f00000 - 0x000001c848f03000 	C:\Users\LENOVO\.openjfx\cache\21.0.2+5\amd64\api-ms-win-core-string-l1-1-0.dll
0x000001c848f10000 - 0x000001c848f13000 	C:\Users\LENOVO\.openjfx\cache\21.0.2+5\amd64\api-ms-win-core-synch-l1-1-0.dll
0x000001c848f20000 - 0x000001c848f23000 	C:\Users\LENOVO\.openjfx\cache\21.0.2+5\amd64\api-ms-win-core-synch-l1-2-0.dll
0x000001c848f30000 - 0x000001c848f33000 	C:\Users\LENOVO\.openjfx\cache\21.0.2+5\amd64\api-ms-win-core-sysinfo-l1-1-0.dll
0x000001c848f40000 - 0x000001c848f43000 	C:\Users\LENOVO\.openjfx\cache\21.0.2+5\amd64\api-ms-win-core-timezone-l1-1-0.dll
0x000001c848f50000 - 0x000001c848f53000 	C:\Users\LENOVO\.openjfx\cache\21.0.2+5\amd64\api-ms-win-core-util-l1-1-0.dll
0x000001c848f60000 - 0x000001c848f63000 	C:\Users\LENOVO\.openjfx\cache\21.0.2+5\amd64\api-ms-win-crt-conio-l1-1-0.dll
0x000001c848f70000 - 0x000001c848f74000 	C:\Users\LENOVO\.openjfx\cache\21.0.2+5\amd64\api-ms-win-crt-convert-l1-1-0.dll
0x000001c848f80000 - 0x000001c848f83000 	C:\Users\LENOVO\.openjfx\cache\21.0.2+5\amd64\api-ms-win-crt-environment-l1-1-0.dll
0x000001c848f90000 - 0x000001c848f93000 	C:\Users\LENOVO\.openjfx\cache\21.0.2+5\amd64\api-ms-win-crt-filesystem-l1-1-0.dll
0x000001c848fa0000 - 0x000001c848fa3000 	C:\Users\LENOVO\.openjfx\cache\21.0.2+5\amd64\api-ms-win-crt-heap-l1-1-0.dll
0x000001c848fb0000 - 0x000001c848fb3000 	C:\Users\LENOVO\.openjfx\cache\21.0.2+5\amd64\api-ms-win-crt-locale-l1-1-0.dll
0x000001c848fc0000 - 0x000001c848fc5000 	C:\Users\LENOVO\.openjfx\cache\21.0.2+5\amd64\api-ms-win-crt-math-l1-1-0.dll
0x000001c848fd0000 - 0x000001c848fd5000 	C:\Users\LENOVO\.openjfx\cache\21.0.2+5\amd64\api-ms-win-crt-multibyte-l1-1-0.dll
0x000001c848fe0000 - 0x000001c848ff0000 	C:\Users\LENOVO\.openjfx\cache\21.0.2+5\amd64\api-ms-win-crt-private-l1-1-0.dll
0x000001c848ff0000 - 0x000001c848ff3000 	C:\Users\LENOVO\.openjfx\cache\21.0.2+5\amd64\api-ms-win-crt-process-l1-1-0.dll
0x000001c88e800000 - 0x000001c88e804000 	C:\Users\LENOVO\.openjfx\cache\21.0.2+5\amd64\api-ms-win-crt-runtime-l1-1-0.dll
0x000001c88e810000 - 0x000001c88e814000 	C:\Users\LENOVO\.openjfx\cache\21.0.2+5\amd64\api-ms-win-crt-stdio-l1-1-0.dll
0x000001c88e820000 - 0x000001c88e824000 	C:\Users\LENOVO\.openjfx\cache\21.0.2+5\amd64\api-ms-win-crt-string-l1-1-0.dll
0x000001c88e830000 - 0x000001c88e833000 	C:\Users\LENOVO\.openjfx\cache\21.0.2+5\amd64\api-ms-win-crt-time-l1-1-0.dll
0x000001c88e840000 - 0x000001c88e843000 	C:\Users\LENOVO\.openjfx\cache\21.0.2+5\amd64\api-ms-win-crt-utility-l1-1-0.dll
0x00007ff8236d0000 - 0x00007ff8237cc000 	C:\Users\LENOVO\.openjfx\cache\21.0.2+5\amd64\ucrtbase.dll
0x00007ff82aa70000 - 0x00007ff82aa8b000 	C:\Users\LENOVO\.openjfx\cache\21.0.2+5\amd64\vcruntime140.dll
0x00007ff82c5c0000 - 0x00007ff82c5cc000 	C:\Users\LENOVO\.openjfx\cache\21.0.2+5\amd64\vcruntime140_1.dll
0x00007ff8145e0000 - 0x00007ff81466e000 	C:\Users\LENOVO\.openjfx\cache\21.0.2+5\amd64\msvcp140.dll
0x00007ff82c540000 - 0x00007ff82c549000 	C:\Users\LENOVO\.openjfx\cache\21.0.2+5\amd64\msvcp140_1.dll
0x00007ff823680000 - 0x00007ff8236c1000 	C:\Users\LENOVO\.openjfx\cache\21.0.2+5\amd64\msvcp140_2.dll
0x00007ff829f60000 - 0x00007ff829f90000 	C:\Users\LENOVO\.openjfx\cache\21.0.2+5\amd64\prism_d3d.dll
0x00007fffb57c0000 - 0x00007fffb5973000 	C:\WINDOWS\system32\d3d9.dll
0x00007ff83b530000 - 0x00007ff83b560000 	C:\WINDOWS\SYSTEM32\dwmapi.dll
0x00007ff83b580000 - 0x00007ff83b5c4000 	C:\WINDOWS\SYSTEM32\dxcore.dll
0x00007ff83b2a0000 - 0x00007ff83b34b000 	C:\WINDOWS\system32\uxtheme.dll
0x00007fffae620000 - 0x00007fffae7cb000 	C:\WINDOWS\System32\DriverStore\FileRepository\iigd_dch.inf_amd64_a4c5029a9cea195e\igdumdim64.dll
0x00007ff840510000 - 0x00007ff8406a7000 	C:\WINDOWS\System32\ole32.dll
0x00007fffa50c0000 - 0x00007fffa8d35000 	C:\WINDOWS\System32\DriverStore\FileRepository\iigd_dch.inf_amd64_a4c5029a9cea195e\igd9dxva64.dll
0x00007ff83f770000 - 0x00007ff83fbfa000 	C:\WINDOWS\System32\SETUPAPI.dll
0x00007ff83e070000 - 0x00007ff83e0c7000 	C:\WINDOWS\SYSTEM32\cfgmgr32.dll
0x00007ff836610000 - 0x00007ff8369f9000 	C:\WINDOWS\System32\DriverStore\FileRepository\iigd_dch.inf_amd64_a4c5029a9cea195e\igdgmm64.dll
0x00007ff838da0000 - 0x00007ff838e03000 	C:\WINDOWS\SYSTEM32\directxdatabasehelper.dll
0x00007ff814760000 - 0x00007ff8147a2000 	C:\Users\LENOVO\.openjfx\cache\21.0.2+5\amd64\glass.dll
0x00007ff83fca0000 - 0x00007ff83fd90000 	C:\WINDOWS\System32\COMDLG32.dll
0x00007ff83fe90000 - 0x00007ff83ffee000 	C:\WINDOWS\System32\MSCTF.dll
0x00007fffe41c0000 - 0x00007fffe41e7000 	C:\WINDOWS\System32\DriverStore\FileRepository\iigd_dch.inf_amd64_a4c5029a9cea195e\igdinfo64.dll
0x00007ff83dac0000 - 0x00007ff83dadb000 	C:\WINDOWS\SYSTEM32\CRYPTSP.dll
0x00007ff83d1f0000 - 0x00007ff83d22a000 	C:\WINDOWS\system32\rsaenh.dll
0x00007ff83dae0000 - 0x00007ff83daec000 	C:\WINDOWS\SYSTEM32\CRYPTBASE.dll
0x00007ff83e440000 - 0x00007ff83e46a000 	C:\WINDOWS\SYSTEM32\bcrypt.dll
0x00007ff832e60000 - 0x00007ff836597000 	C:\WINDOWS\System32\DriverStore\FileRepository\iigd_dch.inf_amd64_a4c5029a9cea195e\igc64.dll
0x00007ff823c20000 - 0x00007ff823c34000 	C:\Users\LENOVO\.openjfx\cache\21.0.2+5\amd64\javafx_font.dll
0x00007fff7c100000 - 0x00007fff80df8000 	C:\Users\LENOVO\.openjfx\cache\21.0.2+5\amd64\jfxwebkit.dll
0x00007ff83a0c0000 - 0x00007ff83a327000 	C:\WINDOWS\SYSTEM32\dwrite.dll
0x00007ff841280000 - 0x00007ff841330000 	C:\WINDOWS\System32\clbcatq.dll
0x00007ff839840000 - 0x00007ff839a70000 	C:\WINDOWS\SYSTEM32\WindowsCodecs.dll
0x00007ff80e400000 - 0x00007ff80e45a000 	C:\WINDOWS\system32\dataexchange.dll
0x00007ff831550000 - 0x00007ff831794000 	C:\WINDOWS\system32\twinapi.appcore.dll
0x00007ff8146e0000 - 0x00007ff81470c000 	C:\Program Files\Common Files\Microsoft Shared\Ink\rtscom.dll
0x00007ff82d4e0000 - 0x00007ff82d628000 	C:\WINDOWS\SYSTEM32\textinputframework.dll
0x00007ff83ac10000 - 0x00007ff83ad37000 	C:\WINDOWS\SYSTEM32\CoreMessaging.dll

dbghelp: loaded successfully - version: 4.0.5 - missing functions: none
symbol engine: initialized successfully - sym options: 0x614 - pdb path: .;C:\Program Files\Java\jdk-17\bin;C:\WINDOWS\SYSTEM32;C:\WINDOWS\WinSxS\amd64_microsoft.windows.common-controls_6595b64144ccf1df_6.0.26100.7309_none_3e05feeae336a044;C:\Program Files (x86)\360\Total Security\safemon;C:\Program Files\Java\jdk-17\bin\server;C:\Program Files\JetBrains\IntelliJ IDEA Community Edition 2024.1\bin;C:\Users\LENOVO\.openjfx\cache\21.0.2+5\amd64;C:\WINDOWS\System32\DriverStore\FileRepository\iigd_dch.inf_amd64_a4c5029a9cea195e;C:\Program Files\Common Files\Microsoft Shared\Ink;C:\Users\LENOVO\AppData\Local\Temp\opencv_openpnp9414302050236069737\nu\pattern\opencv\windows\x86_64

VM Arguments:
jvm_args: -javaagent:C:\Program Files\JetBrains\IntelliJ IDEA Community Edition 2024.1\lib\idea_rt.jar=63827:C:\Program Files\JetBrains\IntelliJ IDEA Community Edition 2024.1\bin -Dfile.encoding=UTF-8 --module-path=C:\Users\LENOVO\.m2\repository\org\openjfx\javafx-graphics\21.0.2\javafx-graphics-21.0.2-win.jar;C:\Users\LENOVO\.m2\repository\at\favre\lib\bcrypt\0.10.2\bcrypt-0.10.2.jar;C:\Users\LENOVO\.m2\repository\org\openjfx\javafx-fxml\21.0.2\javafx-fxml-21.0.2-win.jar;C:\Users\LENOVO\.m2\repository\org\openjfx\javafx-base\21.0.2\javafx-base-21.0.2-win.jar;C:\Users\LENOVO\Desktop\eyetwin-java\target\classes;C:\Users\LENOVO\.m2\repository\org\openjfx\javafx-controls\21.0.2\javafx-controls-21.0.2-win.jar;C:\Users\LENOVO\.m2\repository\org\mindrot\jbcrypt\0.4\jbcrypt-0.4.jar;C:\Users\LENOVO\.m2\repository\org\openjfx\javafx-media\21.0.2\javafx-media-21.0.2-win.jar;C:\Users\LENOVO\.m2\repository\org\openpnp\opencv\4.7.0-0\opencv-4.7.0-0.jar;C:\Users\LENOVO\.m2\repository\org\openjfx\javafx-web\21.0.2\javafx-web-21.0.2-win.jar -Djdk.module.main=org.example.eyetwinjava 
java_command: org.example.eyetwinjava/com.eyetwin.MainApp
java_class_path (initial): C:\Users\LENOVO\.m2\repository\org\openjfx\javafx-controls\21.0.2\javafx-controls-21.0.2.jar;C:\Users\LENOVO\.m2\repository\org\openjfx\javafx-graphics\21.0.2\javafx-graphics-21.0.2.jar;C:\Users\LENOVO\.m2\repository\org\openjfx\javafx-base\21.0.2\javafx-base-21.0.2.jar;C:\Users\LENOVO\.m2\repository\org\openjfx\javafx-fxml\21.0.2\javafx-fxml-21.0.2.jar;C:\Users\LENOVO\.m2\repository\org\openjfx\javafx-web\21.0.2\javafx-web-21.0.2.jar;C:\Users\LENOVO\.m2\repository\org\openjfx\javafx-media\21.0.2\javafx-media-21.0.2.jar;C:\Users\LENOVO\.m2\repository\com\mysql\mysql-connector-j\8.0.33\mysql-connector-j-8.0.33.jar;C:\Users\LENOVO\.m2\repository\com\google\protobuf\protobuf-java\3.21.9\protobuf-java-3.21.9.jar;C:\Users\LENOVO\.m2\repository\dev\samstevens\totp\totp\1.7.1\totp-1.7.1.jar;C:\Users\LENOVO\.m2\repository\commons-codec\commons-codec\1.13\commons-codec-1.13.jar;C:\Users\LENOVO\.m2\repository\com\google\zxing\core\3.4.0\core-3.4.0.jar;C:\Users\LENOVO\.m2\repository\com\google\zxing\javase\3.4.0\javase-3.4.0.jar;C:\Users\LENOVO\.m2\repository\com\beust\jcommander\1.72\jcommander-1.72.jar;C:\Users\LENOVO\.m2\repository\com\github\jai-imageio\jai-imageio-core\1.4.0\jai-imageio-core-1.4.0.jar;C:\Users\LENOVO\.m2\repository\at\favre\lib\bytes\1.5.0\bytes-1.5.0.jar
Launcher Type: SUN_STANDARD

[Global flags]
     intx CICompilerCount                          = 4                                         {product} {ergonomic}
     uint ConcGCThreads                            = 2                                         {product} {ergonomic}
     uint G1ConcRefinementThreads                  = 8                                         {product} {ergonomic}
   size_t G1HeapRegionSize                         = 1048576                                   {product} {ergonomic}
    uintx GCDrainStackTargetSize                   = 64                                        {product} {ergonomic}
   size_t InitialHeapSize                          = 132120576                                 {product} {ergonomic}
   size_t MarkStackSize                            = 4194304                                   {product} {ergonomic}
   size_t MaxHeapSize                              = 2092957696                                {product} {ergonomic}
   size_t MaxNewSize                               = 1255145472                                {product} {ergonomic}
   size_t MinHeapDeltaBytes                        = 1048576                                   {product} {ergonomic}
   size_t MinHeapSize                              = 8388608                                   {product} {ergonomic}
    uintx NonNMethodCodeHeapSize                   = 5839372                                {pd product} {ergonomic}
    uintx NonProfiledCodeHeapSize                  = 122909434                              {pd product} {ergonomic}
    uintx ProfiledCodeHeapSize                     = 122909434                              {pd product} {ergonomic}
    uintx ReservedCodeCacheSize                    = 251658240                              {pd product} {ergonomic}
     bool SegmentedCodeCache                       = true                                      {product} {ergonomic}
   size_t SoftMaxHeapSize                          = 2092957696                             {manageable} {ergonomic}
     bool UseCompressedClassPointers               = true                           {product lp64_product} {ergonomic}
     bool UseCompressedOops                        = true                           {product lp64_product} {ergonomic}
     bool UseG1GC                                  = true                                      {product} {ergonomic}
     bool UseLargePagesIndividualAllocation        = false                                  {pd product} {ergonomic}

Logging:
Log output configuration:
 #0: stdout all=warning uptime,level,tags
 #1: stderr all=off uptime,level,tags

Environment Variables:
JAVA_HOME=C:\Program Files\Java\jdk-17
PATH=C:\oraclexe\app\oracle\product\11.2.0\server\bin;;C:\Program Files (x86)\VMware\VMware Workstation\bin\;C:\Program Files\Common Files\Oracle\Java\javapath;C:\Program Files (x86)\Common Files\Oracle\Java\java8path;C:\Program Files (x86)\Common Files\Oracle\Java\javapath;C:\oraclexe\app\oracle\product\11.2.0\server\bin;C:\WINDOWS\system32;C:\WINDOWS;C:\WINDOWS\System32\Wbem;C:\WINDOWS\System32\WindowsPowerShell\v1.0\;C:\WINDOWS\System32\OpenSSH\;C:\Program Files\Microsoft SQL Server\150\Tools\Binn\;C:\Program Files\Microsoft SQL Server\Client SDK\ODBC\170\Tools\Binn\;C:\Program Files\dotnet\;C:\wamp64\bin\php\php8.3.0;C:\ProgramData\ComposerSetup\bin;C:\Program Files\Git\cmd;C:\Program Files\Git\bin;C:\Program Files\Java\jre1.8.0_421\bin;C:\Program Files (x86)\Microsoft SQL Server\160\Tools\Binn\;C:\Program Files\Microsoft SQL Server\160\Tools\Binn\;C:\Program Files\Microsoft SQL Server\160\DTS\Binn\;C:\Program Files (x86)\Microsoft SQL Server\160\DTS\Binn\;C:\Program Files\Java\jdk-17\bin;C:\Users\LENOVO\Downloads\apache-maven-3.8.8-bin\apache-maven-3.8.8\bin;C:\Program Files\nodejs\;C:\apache-jmeter-5.6.3\bin;C:\Program Files (x86)\CodeBlocks\MinGW\bin;C:\Program Files (x86)\GnuWin32\bin;C:\Users\LENOVO\scoop\shims;C:\oraclexe\app\oracle\product\11.2.0\server\bin;;C:\Program Files (x86)\VMware\VMware Workstation\bin\;C:\Program Files\Common Files\Oracle\Java\javapath;C:\Program Files (x86)\Common Files\Oracle\Java\java8path;C:\Program Files (x86)\Common Files\Oracle\Java\javapath;C:\oraclexe\app\oracle\product\11.2.0\server\bin;C:\WINDOWS\system32;C:\WINDOWS;C:\WINDOWS\System32\Wbem;C:\WINDOWS\System32\WindowsPowerShell\v1.0\;C:\WINDOWS\System32\OpenSSH\;C:\Program Files\Microsoft SQL Server\150\Tools\Binn\;C:\Program Files\Microsoft SQL Server\Client SDK\ODBC\170\Tools\Binn\;C:\Program Files\dotnet\;C:\wamp64\bin\php\php8.3.0;C:\ProgramData\ComposerSetup\bin;C:\Program Files\Git\cmd;C:\Program Files\Git\bin;C:\Program Files\Java\jre1.8.0_421\bin;C:\Program Files 
USERNAME=LENOVO
OS=Windows_NT
PROCESSOR_IDENTIFIER=Intel64 Family 6 Model 140 Stepping 1, GenuineIntel



---------------  S Y S T E M  ---------------

OS:
 Windows 11 , 64 bit Build 26100 (10.0.26100.7623)
OS uptime: 0 days 21:58 hours

CPU: total 8 (initial active 8) (4 cores per cpu, 2 threads per core) family 6 model 140 stepping 1 microcode 0x86, cx8, cmov, fxsr, ht, mmx, 3dnowpref, sse, sse2, sse3, ssse3, sse4.1, sse4.2, popcnt, lzcnt, tsc, tscinvbit, avx, avx2, aes, erms, clmul, bmi1, bmi2, adx, avx512f, avx512dq, avx512cd, avx512bw, avx512vl, sha, fma, vzeroupper, avx512_vpopcntdq, avx512_vpclmulqdq, avx512_vaes, avx512_vnni, clflush, clflushopt, clwb, avx512_vbmi2, avx512_vbmi

Memory: 4k page, system-wide physical 7979M (821M free)
TotalPageFile size 24438M (AvailPageFile size 5785M)
current process WorkingSet (physical memory assigned to process): 448M, peak: 498M
current process commit charge ("private bytes"): 476M, peak: 542M

vm_info: Java HotSpot(TM) 64-Bit Server VM (17.0.11+7-LTS-207) for windows-amd64 JRE (17.0.11+7-LTS-207), built on Mar 11 2024 19:01:50 by "mach5one" with MS VC++ 17.6 (VS2022)

END.
